[38;2;250;240;245m[38;2;230;230;250m> [m[38;2;255;253;208mT[m[38;2;255;253;208mype to filter[m[38;2;255;253;208m                                                                                       [m[m
[38;2;250;240;245mâ”‚Item 0                                                                                             [m   
[38;2;250;240;245mItem 1                                                                                              [m   
[38;2;250;240;245mItem 2                                                                                              [m   
[38;2;250;240;245mItem 3                                                                                              [m   
[38;2;250;240;245mItem 4                                                                                              [m   
                                                                                                       
                                                                                                       
                                                                                                       
                                                                                                       