‚óè [38;2;180;180;190mVery Long Title[m [38;2;255;253;208mThis is an ex‚Ä¶[m [extra]