[38;2;250;240;245mâ”‚Item 10[m  
[38;2;250;240;245mâ”‚Item 10[m  
[38;2;250;240;245mâ”‚Item 10[m  
[38;2;250;240;245mâ”‚Item 10[m  
[38;2;250;240;245mâ”‚Item 10[m  
[38;2;250;240;245mâ”‚Item 10[m  
[38;2;250;240;245mâ”‚Item 10[m  
[38;2;250;240;245mâ”‚Item 10[m  
[38;2;250;240;245mâ”‚Item 10[m  
[38;2;250;240;245mâ”‚Item 10[m  