[38;2;250;240;245mâ”‚Item 0[m   
[38;2;250;240;245mItem 1[m    
[38;2;250;240;245mItem 2[m    
[38;2;250;240;245mItem 3[m    
[38;2;250;240;245mItem 4[m    
[38;2;250;240;245mItem 5[m    
[38;2;250;240;245mItem 6[m    
[38;2;250;240;245mItem 7[m    
[38;2;250;240;245mItem 8[m    
[38;2;250;240;245mItem 9[m    