● [38;2;180;180;190mTitle Only[m [38;2;255;253;208m[m