[38;2;180;180;190mProcessing[m [38;2;255;253;208mThis is a very long description that should be â€¦[m