● [38;2;180;180;190mStatus[m [38;2;255;253;208mShort message[m