[38;2;180;180;190mInfo[m [38;2;255;253;208mThis status has no icon[m