● [38;2;180;180;190mTest[m [38;2;255;253;208mThis will be…[m