[38;2;180;180;190mBuild[m [38;2;255;253;208mBuilding project[m [2/5]