âœ“ [38;2;180;180;190mSuccess[m [38;2;255;253;208mOperation completed successfully[m