[38;2;250;240;245mItem 29[m   
[38;2;250;240;245mItem 29[m   
[38;2;250;240;245mItem 29[m   
[38;2;250;240;245mItem 29[m   
[38;2;250;240;245mItem 29[m   
[38;2;250;240;245mItem 29[m   
[38;2;250;240;245mItem 29[m   
[38;2;250;240;245mItem 29[m   
[38;2;250;240;245mItem 29[m   
[38;2;250;240;245mâ”‚Testing  [m