[38;2;250;240;245mItem 18[m   
[38;2;250;240;245mItem 19[m   
[38;2;250;240;245mItem 20[m   
[38;2;250;240;245mItem 21[m   
[38;2;250;240;245mItem 22[m   
[38;2;250;240;245mItem 23[m   
[38;2;250;240;245mItem 24[m   
[38;2;250;240;245mItem 25[m   
[38;2;250;240;245mItem 26[m   
[38;2;250;240;245mâ”‚Item 27[m  