[38;2;250;240;245mâ”‚Item 29[m  
[38;2;250;240;245mâ”‚Item 29[m  
[38;2;250;240;245mâ”‚Item 29[m  
[38;2;250;240;245mâ”‚Item 29[m  
[38;2;250;240;245mâ”‚Item 29[m  
[38;2;250;240;245mâ”‚Item 29[m  
[38;2;250;240;245mâ”‚Item 29[m  
[38;2;250;240;245mâ”‚Item 29[m  
[38;2;250;240;245mâ”‚Item 29[m  
[38;2;250;240;245mâ”‚Item 29[m  