[38;2;250;240;245mItem 6[m    
[38;2;250;240;245mItem 6[m    
[38;2;250;240;245mItem 6[m    
[38;2;250;240;245mâ”‚Item 7[m   
[38;2;250;240;245mâ”‚Item 7[m   
[38;2;250;240;245mâ”‚Item 7[m   
[38;2;250;240;245mâ”‚Item 7[m   
[38;2;250;240;245mâ”‚Item 7[m   
[38;2;250;240;245mâ”‚Item 7[m   
[38;2;250;240;245mâ”‚Item 7[m   