[38;2;250;240;245mâ”‚Testing  [m
[38;2;250;240;245mItem 0[m    
[38;2;250;240;245mItem 1[m    
[38;2;250;240;245mItem 1[m    
[38;2;250;240;245mItem 2[m    
[38;2;250;240;245mItem 2[m    
[38;2;250;240;245mItem 2[m    
[38;2;250;240;245mItem 3[m    
[38;2;250;240;245mItem 3[m    
[38;2;250;240;245mItem 3[m    