[38;2;250;240;245mItem 21[m   
[38;2;250;240;245mItem 22[m   
[38;2;250;240;245mItem 23[m   
[38;2;250;240;245mItem 24[m   
[38;2;250;240;245mItem 25[m   
[38;2;250;240;245mItem 26[m   
[38;2;250;240;245mItem 27[m   
[38;2;250;240;245mItem 28[m   
[38;2;250;240;245mâ”‚Item 29[m  
[38;2;250;240;245mItem 30[m   